// Jest Snapshot v1, https://goo.gl/fbAQLP

exports[`Hello Component Hello snapshot 1`] = `"<h1>Hi</h1>"`;
